-- The C compiler identification is GNU 13.3.0
-- The CXX compiler identification is GNU 13.3.0
-- Detecting C compiler ABI info
-- Detecting C compiler ABI info - done
-- Check for working C compiler: /usr/bin/cc - skipped
-- Detecting C compile features
-- Detecting C compile features - done
-- Detecting CXX compiler ABI info
-- Detecting CXX compiler ABI info - done
-- Check for working CXX compiler: /usr/bin/c++ - skipped
-- Detecting CXX compile features
-- Detecting CXX compile features - done
-- Found ament_cmake: 2.5.4 (/opt/ros/jazzy/share/ament_cmake/cmake)
-- Found Python3: /home/brone-ub/ros_venv/bin/python3 (found version "3.12.3") found components: Interpreter 
-- Configuring done (1.3s)
-- Generating done (0.0s)
-- Build files have been written to: /home/brone-ub/robotis_ws/src/build/op3_web_setting_tool
-- Install configuration: ""
-- Installing: /home/brone-ub/robotis_ws/src/install/op3_web_setting_tool/share/op3_web_setting_tool/html
-- Installing: /home/brone-ub/robotis_ws/src/install/op3_web_setting_tool/share/op3_web_setting_tool/html/index.html
-- Installing: /home/brone-ub/robotis_ws/src/install/op3_web_setting_tool/share/op3_web_setting_tool/html/js
-- Installing: /home/brone-ub/robotis_ws/src/install/op3_web_setting_tool/share/op3_web_setting_tool/html/js/EventEmitter2.js
-- Installing: /home/brone-ub/robotis_ws/src/install/op3_web_setting_tool/share/op3_web_setting_tool/html/js/jquery-ui.css
-- Installing: /home/brone-ub/robotis_ws/src/install/op3_web_setting_tool/share/op3_web_setting_tool/html/js/jquery-ui.js
-- Installing: /home/brone-ub/robotis_ws/src/install/op3_web_setting_tool/share/op3_web_setting_tool/html/js/roslib.js
-- Installing: /home/brone-ub/robotis_ws/src/install/op3_web_setting_tool/share/op3_web_setting_tool/html/js/mjpegcanvas.js
-- Installing: /home/brone-ub/robotis_ws/src/install/op3_web_setting_tool/share/op3_web_setting_tool/html/js/jquery.js
-- Installing: /home/brone-ub/robotis_ws/src/install/op3_web_setting_tool/share/op3_web_setting_tool/launch
-- Installing: /home/brone-ub/robotis_ws/src/install/op3_web_setting_tool/share/op3_web_setting_tool/launch/web_setting_server.launch.xml
-- Installing: /home/brone-ub/robotis_ws/src/install/op3_web_setting_tool/share/ament_index/resource_index/package_run_dependencies/op3_web_setting_tool
-- Installing: /home/brone-ub/robotis_ws/src/install/op3_web_setting_tool/share/ament_index/resource_index/parent_prefix_path/op3_web_setting_tool
-- Installing: /home/brone-ub/robotis_ws/src/install/op3_web_setting_tool/share/op3_web_setting_tool/environment/ament_prefix_path.sh
-- Installing: /home/brone-ub/robotis_ws/src/install/op3_web_setting_tool/share/op3_web_setting_tool/environment/ament_prefix_path.dsv
-- Installing: /home/brone-ub/robotis_ws/src/install/op3_web_setting_tool/share/op3_web_setting_tool/environment/path.sh
-- Installing: /home/brone-ub/robotis_ws/src/install/op3_web_setting_tool/share/op3_web_setting_tool/environment/path.dsv
-- Installing: /home/brone-ub/robotis_ws/src/install/op3_web_setting_tool/share/op3_web_setting_tool/local_setup.bash
-- Installing: /home/brone-ub/robotis_ws/src/install/op3_web_setting_tool/share/op3_web_setting_tool/local_setup.sh
-- Installing: /home/brone-ub/robotis_ws/src/install/op3_web_setting_tool/share/op3_web_setting_tool/local_setup.zsh
-- Installing: /home/brone-ub/robotis_ws/src/install/op3_web_setting_tool/share/op3_web_setting_tool/local_setup.dsv
-- Installing: /home/brone-ub/robotis_ws/src/install/op3_web_setting_tool/share/op3_web_setting_tool/package.dsv
-- Installing: /home/brone-ub/robotis_ws/src/install/op3_web_setting_tool/share/ament_index/resource_index/packages/op3_web_setting_tool
-- Installing: /home/brone-ub/robotis_ws/src/install/op3_web_setting_tool/share/op3_web_setting_tool/cmake/op3_web_setting_toolConfig.cmake
-- Installing: /home/brone-ub/robotis_ws/src/install/op3_web_setting_tool/share/op3_web_setting_tool/cmake/op3_web_setting_toolConfig-version.cmake
-- Installing: /home/brone-ub/robotis_ws/src/install/op3_web_setting_tool/share/op3_web_setting_tool/package.xml
