[0.031s] Invoking command in '/home/brone-ub/robotis_ws/src/build/op3_web_setting_tool': CMAKE_PREFIX_PATH=${CMAKE_PREFIX_PATH}:/home/brone-ub/robotis_ws/install/algo_gaze:/home/brone-ub/robotis_ws/install/brone_gaze:/opt/ros/jazzy DEBUGINFOD_URLS=https://debuginfod.ubuntu.com PS1=(ros_venv) \[\e]0;\u@\h: \w\a\]${debian_chroot:+($debian_chroot)}\[\033[01;32m\]\u@\h\[\033[00m\]:\[\033[01;34m\]\w\[\033[00m\]\$ VIRTUAL_ENV_PROMPT=(ros_venv) /usr/bin/cmake /home/brone-ub/robotis_ws/src/ROBOTIS-OP3-Tools/op3_web_setting_tool -DCMAKE_INSTALL_PREFIX=/home/brone-ub/robotis_ws/src/install/op3_web_setting_tool
[3.626s] -- The C compiler identification is GNU 13.3.0
[3.627s] -- The CXX compiler identification is GNU 13.3.0
[3.627s] -- Detecting C compiler ABI info
[3.627s] -- Detecting C compiler ABI info - done
[3.627s] -- Check for working C compiler: /usr/bin/cc - skipped
[3.627s] -- Detecting C compile features
[3.627s] -- Detecting C compile features - done
[3.627s] -- Detecting CXX compiler ABI info
[3.627s] -- Detecting CXX compiler ABI info - done
[3.627s] -- Check for working CXX compiler: /usr/bin/c++ - skipped
[3.627s] -- Detecting CXX compile features
[3.627s] -- Detecting CXX compile features - done
[3.628s] -- Found ament_cmake: 2.5.4 (/opt/ros/jazzy/share/ament_cmake/cmake)
[3.628s] -- Found Python3: /home/brone-ub/ros_venv/bin/python3 (found version "3.12.3") found components: Interpreter 
[3.628s] -- Configuring done (1.3s)
[3.631s] -- Generating done (0.0s)
[3.631s] -- Build files have been written to: /home/brone-ub/robotis_ws/src/build/op3_web_setting_tool
[3.662s] Invoked command in '/home/brone-ub/robotis_ws/src/build/op3_web_setting_tool' returned '0': CMAKE_PREFIX_PATH=${CMAKE_PREFIX_PATH}:/home/brone-ub/robotis_ws/install/algo_gaze:/home/brone-ub/robotis_ws/install/brone_gaze:/opt/ros/jazzy DEBUGINFOD_URLS=https://debuginfod.ubuntu.com PS1=(ros_venv) \[\e]0;\u@\h: \w\a\]${debian_chroot:+($debian_chroot)}\[\033[01;32m\]\u@\h\[\033[00m\]:\[\033[01;34m\]\w\[\033[00m\]\$ VIRTUAL_ENV_PROMPT=(ros_venv) /usr/bin/cmake /home/brone-ub/robotis_ws/src/ROBOTIS-OP3-Tools/op3_web_setting_tool -DCMAKE_INSTALL_PREFIX=/home/brone-ub/robotis_ws/src/install/op3_web_setting_tool
[3.663s] Invoking command in '/home/brone-ub/robotis_ws/src/build/op3_web_setting_tool': CMAKE_PREFIX_PATH=${CMAKE_PREFIX_PATH}:/home/brone-ub/robotis_ws/install/algo_gaze:/home/brone-ub/robotis_ws/install/brone_gaze:/opt/ros/jazzy DEBUGINFOD_URLS=https://debuginfod.ubuntu.com PS1=(ros_venv) \[\e]0;\u@\h: \w\a\]${debian_chroot:+($debian_chroot)}\[\033[01;32m\]\u@\h\[\033[00m\]:\[\033[01;34m\]\w\[\033[00m\]\$ VIRTUAL_ENV_PROMPT=(ros_venv) /usr/bin/cmake --build /home/brone-ub/robotis_ws/src/build/op3_web_setting_tool -- -j16 -l16
[6.491s] Invoked command in '/home/brone-ub/robotis_ws/src/build/op3_web_setting_tool' returned '0': CMAKE_PREFIX_PATH=${CMAKE_PREFIX_PATH}:/home/brone-ub/robotis_ws/install/algo_gaze:/home/brone-ub/robotis_ws/install/brone_gaze:/opt/ros/jazzy DEBUGINFOD_URLS=https://debuginfod.ubuntu.com PS1=(ros_venv) \[\e]0;\u@\h: \w\a\]${debian_chroot:+($debian_chroot)}\[\033[01;32m\]\u@\h\[\033[00m\]:\[\033[01;34m\]\w\[\033[00m\]\$ VIRTUAL_ENV_PROMPT=(ros_venv) /usr/bin/cmake --build /home/brone-ub/robotis_ws/src/build/op3_web_setting_tool -- -j16 -l16
[6.492s] Invoking command in '/home/brone-ub/robotis_ws/src/build/op3_web_setting_tool': CMAKE_PREFIX_PATH=${CMAKE_PREFIX_PATH}:/home/brone-ub/robotis_ws/install/algo_gaze:/home/brone-ub/robotis_ws/install/brone_gaze:/opt/ros/jazzy DEBUGINFOD_URLS=https://debuginfod.ubuntu.com PS1=(ros_venv) \[\e]0;\u@\h: \w\a\]${debian_chroot:+($debian_chroot)}\[\033[01;32m\]\u@\h\[\033[00m\]:\[\033[01;34m\]\w\[\033[00m\]\$ VIRTUAL_ENV_PROMPT=(ros_venv) /usr/bin/cmake --install /home/brone-ub/robotis_ws/src/build/op3_web_setting_tool
[6.527s] -- Install configuration: ""
[6.527s] -- Installing: /home/brone-ub/robotis_ws/src/install/op3_web_setting_tool/share/op3_web_setting_tool/html
[6.527s] -- Installing: /home/brone-ub/robotis_ws/src/install/op3_web_setting_tool/share/op3_web_setting_tool/html/index.html
[6.527s] -- Installing: /home/brone-ub/robotis_ws/src/install/op3_web_setting_tool/share/op3_web_setting_tool/html/js
[6.527s] -- Installing: /home/brone-ub/robotis_ws/src/install/op3_web_setting_tool/share/op3_web_setting_tool/html/js/EventEmitter2.js
[6.527s] -- Installing: /home/brone-ub/robotis_ws/src/install/op3_web_setting_tool/share/op3_web_setting_tool/html/js/jquery-ui.css
[6.528s] -- Installing: /home/brone-ub/robotis_ws/src/install/op3_web_setting_tool/share/op3_web_setting_tool/html/js/jquery-ui.js
[6.528s] -- Installing: /home/brone-ub/robotis_ws/src/install/op3_web_setting_tool/share/op3_web_setting_tool/html/js/roslib.js
[6.528s] -- Installing: /home/brone-ub/robotis_ws/src/install/op3_web_setting_tool/share/op3_web_setting_tool/html/js/mjpegcanvas.js
[6.528s] -- Installing: /home/brone-ub/robotis_ws/src/install/op3_web_setting_tool/share/op3_web_setting_tool/html/js/jquery.js
[6.528s] -- Installing: /home/brone-ub/robotis_ws/src/install/op3_web_setting_tool/share/op3_web_setting_tool/launch
[6.528s] -- Installing: /home/brone-ub/robotis_ws/src/install/op3_web_setting_tool/share/op3_web_setting_tool/launch/web_setting_server.launch.xml
[6.528s] -- Installing: /home/brone-ub/robotis_ws/src/install/op3_web_setting_tool/share/ament_index/resource_index/package_run_dependencies/op3_web_setting_tool
[6.528s] -- Installing: /home/brone-ub/robotis_ws/src/install/op3_web_setting_tool/share/ament_index/resource_index/parent_prefix_path/op3_web_setting_tool
[6.528s] -- Installing: /home/brone-ub/robotis_ws/src/install/op3_web_setting_tool/share/op3_web_setting_tool/environment/ament_prefix_path.sh
[6.528s] -- Installing: /home/brone-ub/robotis_ws/src/install/op3_web_setting_tool/share/op3_web_setting_tool/environment/ament_prefix_path.dsv
[6.528s] -- Installing: /home/brone-ub/robotis_ws/src/install/op3_web_setting_tool/share/op3_web_setting_tool/environment/path.sh
[6.528s] -- Installing: /home/brone-ub/robotis_ws/src/install/op3_web_setting_tool/share/op3_web_setting_tool/environment/path.dsv
[6.528s] -- Installing: /home/brone-ub/robotis_ws/src/install/op3_web_setting_tool/share/op3_web_setting_tool/local_setup.bash
[6.528s] -- Installing: /home/brone-ub/robotis_ws/src/install/op3_web_setting_tool/share/op3_web_setting_tool/local_setup.sh
[6.528s] -- Installing: /home/brone-ub/robotis_ws/src/install/op3_web_setting_tool/share/op3_web_setting_tool/local_setup.zsh
[6.528s] -- Installing: /home/brone-ub/robotis_ws/src/install/op3_web_setting_tool/share/op3_web_setting_tool/local_setup.dsv
[6.528s] -- Installing: /home/brone-ub/robotis_ws/src/install/op3_web_setting_tool/share/op3_web_setting_tool/package.dsv
[6.528s] -- Installing: /home/brone-ub/robotis_ws/src/install/op3_web_setting_tool/share/ament_index/resource_index/packages/op3_web_setting_tool
[6.528s] -- Installing: /home/brone-ub/robotis_ws/src/install/op3_web_setting_tool/share/op3_web_setting_tool/cmake/op3_web_setting_toolConfig.cmake
[6.528s] -- Installing: /home/brone-ub/robotis_ws/src/install/op3_web_setting_tool/share/op3_web_setting_tool/cmake/op3_web_setting_toolConfig-version.cmake
[6.529s] -- Installing: /home/brone-ub/robotis_ws/src/install/op3_web_setting_tool/share/op3_web_setting_tool/package.xml
