[0.049s] Invoking command in '/home/brone-ub/robotis_ws/src/build/robotis_math': CMAKE_PREFIX_PATH=${CMAKE_PREFIX_PATH}:/home/brone-ub/robotis_ws/install/algo_gaze:/home/brone-ub/robotis_ws/install/brone_gaze:/opt/ros/jazzy DEBUGINFOD_URLS=https://debuginfod.ubuntu.com PS1=(ros_venv) \[\e]0;\u@\h: \w\a\]${debian_chroot:+($debian_chroot)}\[\033[01;32m\]\u@\h\[\033[00m\]:\[\033[01;34m\]\w\[\033[00m\]\$ VIRTUAL_ENV_PROMPT=(ros_venv) /usr/bin/cmake /home/brone-ub/robotis_ws/src/ROBOTIS-Math/robotis_math -DCMAKE_INSTALL_PREFIX=/home/brone-ub/robotis_ws/src/install/robotis_math
[0.238s] -- The C compiler identification is GNU 13.3.0
[0.413s] -- The CXX compiler identification is GNU 13.3.0
[0.432s] -- Detecting C compiler ABI info
[0.571s] -- Detecting C compiler ABI info - done
[0.585s] -- Check for working C compiler: /usr/bin/cc - skipped
[0.585s] -- Detecting C compile features
[0.585s] -- Detecting C compile features - done
[0.615s] -- Detecting CXX compiler ABI info
[0.765s] -- Detecting CXX compiler ABI info - done
[0.775s] -- Check for working CXX compiler: /usr/bin/c++ - skipped
[0.775s] -- Detecting CXX compile features
[0.777s] -- Detecting CXX compile features - done
[0.788s] -- Found ament_cmake: 2.5.4 (/opt/ros/jazzy/share/ament_cmake/cmake)
[0.990s] -- Found Python3: /home/brone-ub/ros_venv/bin/python3 (found version "3.12.3") found components: Interpreter 
[1.235s] -- Found rclcpp: 28.1.12 (/opt/ros/jazzy/share/rclcpp/cmake)
[1.319s] -- Found rosidl_generator_c: 4.6.6 (/opt/ros/jazzy/share/rosidl_generator_c/cmake)
[1.349s] -- Found rosidl_generator_cpp: 4.6.6 (/opt/ros/jazzy/share/rosidl_generator_cpp/cmake)
[1.380s] -- Using all available rosidl_typesupport_c: rosidl_typesupport_fastrtps_c;rosidl_typesupport_introspection_c
[1.415s] -- Using all available rosidl_typesupport_cpp: rosidl_typesupport_fastrtps_cpp;rosidl_typesupport_introspection_cpp
[1.552s] -- Found rmw_implementation_cmake: 7.3.2 (/opt/ros/jazzy/share/rmw_implementation_cmake/cmake)
[1.562s] -- Found rmw_cyclonedds_cpp: 2.2.3 (/opt/ros/jazzy/share/rmw_cyclonedds_cpp/cmake)
[1.642s] -- Using RMW implementation 'rmw_cyclonedds_cpp' as default
[2.180s] -- Configuring done (2.1s)
[2.197s] -- Generating done (0.0s)
[2.205s] -- Build files have been written to: /home/brone-ub/robotis_ws/src/build/robotis_math
[2.229s] Invoked command in '/home/brone-ub/robotis_ws/src/build/robotis_math' returned '0': CMAKE_PREFIX_PATH=${CMAKE_PREFIX_PATH}:/home/brone-ub/robotis_ws/install/algo_gaze:/home/brone-ub/robotis_ws/install/brone_gaze:/opt/ros/jazzy DEBUGINFOD_URLS=https://debuginfod.ubuntu.com PS1=(ros_venv) \[\e]0;\u@\h: \w\a\]${debian_chroot:+($debian_chroot)}\[\033[01;32m\]\u@\h\[\033[00m\]:\[\033[01;34m\]\w\[\033[00m\]\$ VIRTUAL_ENV_PROMPT=(ros_venv) /usr/bin/cmake /home/brone-ub/robotis_ws/src/ROBOTIS-Math/robotis_math -DCMAKE_INSTALL_PREFIX=/home/brone-ub/robotis_ws/src/install/robotis_math
[2.230s] Invoking command in '/home/brone-ub/robotis_ws/src/build/robotis_math': CMAKE_PREFIX_PATH=${CMAKE_PREFIX_PATH}:/home/brone-ub/robotis_ws/install/algo_gaze:/home/brone-ub/robotis_ws/install/brone_gaze:/opt/ros/jazzy DEBUGINFOD_URLS=https://debuginfod.ubuntu.com PS1=(ros_venv) \[\e]0;\u@\h: \w\a\]${debian_chroot:+($debian_chroot)}\[\033[01;32m\]\u@\h\[\033[00m\]:\[\033[01;34m\]\w\[\033[00m\]\$ VIRTUAL_ENV_PROMPT=(ros_venv) /usr/bin/cmake --build /home/brone-ub/robotis_ws/src/build/robotis_math -- -j16 -l16
[3.686s] [  9%] [32mBuilding CXX object CMakeFiles/robotis_math.dir/src/robotis_math_base.cpp.o[0m
[3.686s] [ 18%] [32mBuilding CXX object CMakeFiles/robotis_math.dir/src/robotis_trajectory_calculator.cpp.o[0m
[3.686s] [ 27%] [32mBuilding CXX object CMakeFiles/robotis_math.dir/src/minimum_jerk_trajectory.cpp.o[0m
[3.686s] [ 36%] [32mBuilding CXX object CMakeFiles/robotis_math.dir/src/fifth_order_polynomial_trajectory.cpp.o[0m
[3.686s] [ 45%] [32mBuilding CXX object CMakeFiles/robotis_math.dir/src/minimum_jerk_trajectory_with_via_point.cpp.o[0m
[3.686s] [ 72%] [32mBuilding CXX object CMakeFiles/robotis_math.dir/src/simple_trapezoidal_velocity_profile.cpp.o[0m
[3.693s] [ 72%] [32mBuilding CXX object CMakeFiles/robotis_math.dir/src/step_data_define.cpp.o[0m
[3.693s] [ 72%] [32mBuilding CXX object CMakeFiles/robotis_math.dir/src/bezier_curve.cpp.o[0m
[3.693s] [ 81%] [32mBuilding CXX object CMakeFiles/robotis_math.dir/src/preview_control.cpp.o[0m
[3.693s] [ 90%] [32mBuilding CXX object CMakeFiles/robotis_math.dir/src/robotis_linear_algebra.cpp.o[0m
[6.506s] gmake[2]: *** [CMakeFiles/robotis_math.dir/build.make:90: CMakeFiles/robotis_math.dir/src/robotis_trajectory_calculator.cpp.o] Interrupt
[6.506s] gmake[2]: *** [CMakeFiles/robotis_math.dir/build.make:202: CMakeFiles/robotis_math.dir/src/preview_control.cpp.o] Interrupt
[6.506s] gmake[2]: *** [CMakeFiles/robotis_math.dir/build.make:104: CMakeFiles/robotis_math.dir/src/minimum_jerk_trajectory.cpp.o] Interrupt
[6.506s] gmake[2]: *** [CMakeFiles/robotis_math.dir/build.make:118: CMakeFiles/robotis_math.dir/src/minimum_jerk_trajectory_with_via_point.cpp.o] Interrupt
[6.510s] gmake[2]: *** [CMakeFiles/robotis_math.dir/build.make:132: CMakeFiles/robotis_math.dir/src/fifth_order_polynomial_trajectory.cpp.o] Interrupt
[6.511s] gmake[1]: *** [CMakeFiles/Makefile2:137: CMakeFiles/robotis_math.dir/all] Interrupt
[6.511s] gmake: *** [Makefile:146: all] Interrupt
