[0.034s] Invoking command in '/home/brone-ub/robotis_ws/src/build/ros_mpg321_player': CMAKE_PREFIX_PATH=${CMAKE_PREFIX_PATH}:/home/brone-ub/robotis_ws/install/algo_gaze:/home/brone-ub/robotis_ws/install/brone_gaze:/opt/ros/jazzy DEBUGINFOD_URLS=https://debuginfod.ubuntu.com PS1=(ros_venv) \[\e]0;\u@\h: \w\a\]${debian_chroot:+($debian_chroot)}\[\033[01;32m\]\u@\h\[\033[00m\]:\[\033[01;34m\]\w\[\033[00m\]\$ VIRTUAL_ENV_PROMPT=(ros_venv) /usr/bin/cmake /home/brone-ub/robotis_ws/src/ROBOTIS-Utility/ros_mpg321_player -DCMAKE_INSTALL_PREFIX=/home/brone-ub/robotis_ws/src/install/ros_mpg321_player
[3.627s] -- The C compiler identification is GNU 13.3.0
[3.632s] -- The CXX compiler identification is GNU 13.3.0
[3.632s] -- Detecting C compiler ABI info
[3.632s] -- Detecting C compiler ABI info - done
[3.632s] -- Check for working C compiler: /usr/bin/cc - skipped
[3.632s] -- Detecting C compile features
[3.632s] -- Detecting C compile features - done
[3.632s] -- Detecting CXX compiler ABI info
[3.632s] -- Detecting CXX compiler ABI info - done
[3.636s] -- Check for working CXX compiler: /usr/bin/c++ - skipped
[3.636s] -- Detecting CXX compile features
[3.636s] -- Detecting CXX compile features - done
[3.636s] -- Found ament_cmake: 2.5.4 (/opt/ros/jazzy/share/ament_cmake/cmake)
[3.636s] -- Found Python3: /home/brone-ub/ros_venv/bin/python3 (found version "3.12.3") found components: Interpreter 
[3.636s] -- Found rclcpp: 28.1.12 (/opt/ros/jazzy/share/rclcpp/cmake)
[3.636s] -- Found rosidl_generator_c: 4.6.6 (/opt/ros/jazzy/share/rosidl_generator_c/cmake)
[3.636s] -- Found rosidl_generator_cpp: 4.6.6 (/opt/ros/jazzy/share/rosidl_generator_cpp/cmake)
[3.636s] -- Using all available rosidl_typesupport_c: rosidl_typesupport_fastrtps_c;rosidl_typesupport_introspection_c
[3.640s] -- Using all available rosidl_typesupport_cpp: rosidl_typesupport_fastrtps_cpp;rosidl_typesupport_introspection_cpp
[3.640s] -- Found rmw_implementation_cmake: 7.3.2 (/opt/ros/jazzy/share/rmw_implementation_cmake/cmake)
[3.640s] -- Found rmw_cyclonedds_cpp: 2.2.3 (/opt/ros/jazzy/share/rmw_cyclonedds_cpp/cmake)
[3.640s] -- Using RMW implementation 'rmw_cyclonedds_cpp' as default
[3.640s] -- Found std_msgs: 5.3.6 (/opt/ros/jazzy/share/std_msgs/cmake)
[3.640s] -- Configuring done (2.0s)
[3.640s] -- Generating done (0.0s)
[3.640s] -- Build files have been written to: /home/brone-ub/robotis_ws/src/build/ros_mpg321_player
[3.657s] Invoked command in '/home/brone-ub/robotis_ws/src/build/ros_mpg321_player' returned '0': CMAKE_PREFIX_PATH=${CMAKE_PREFIX_PATH}:/home/brone-ub/robotis_ws/install/algo_gaze:/home/brone-ub/robotis_ws/install/brone_gaze:/opt/ros/jazzy DEBUGINFOD_URLS=https://debuginfod.ubuntu.com PS1=(ros_venv) \[\e]0;\u@\h: \w\a\]${debian_chroot:+($debian_chroot)}\[\033[01;32m\]\u@\h\[\033[00m\]:\[\033[01;34m\]\w\[\033[00m\]\$ VIRTUAL_ENV_PROMPT=(ros_venv) /usr/bin/cmake /home/brone-ub/robotis_ws/src/ROBOTIS-Utility/ros_mpg321_player -DCMAKE_INSTALL_PREFIX=/home/brone-ub/robotis_ws/src/install/ros_mpg321_player
[3.658s] Invoking command in '/home/brone-ub/robotis_ws/src/build/ros_mpg321_player': CMAKE_PREFIX_PATH=${CMAKE_PREFIX_PATH}:/home/brone-ub/robotis_ws/install/algo_gaze:/home/brone-ub/robotis_ws/install/brone_gaze:/opt/ros/jazzy DEBUGINFOD_URLS=https://debuginfod.ubuntu.com PS1=(ros_venv) \[\e]0;\u@\h: \w\a\]${debian_chroot:+($debian_chroot)}\[\033[01;32m\]\u@\h\[\033[00m\]:\[\033[01;34m\]\w\[\033[00m\]\$ VIRTUAL_ENV_PROMPT=(ros_venv) /usr/bin/cmake --build /home/brone-ub/robotis_ws/src/build/ros_mpg321_player -- -j16 -l16
[6.500s] [ 50%] [32mBuilding CXX object CMakeFiles/ros_mpg321_player.dir/src/ros_mpg321_player.cpp.o[0m
[6.500s] gmake[2]: *** [CMakeFiles/ros_mpg321_player.dir/build.make:76: CMakeFiles/ros_mpg321_player.dir/src/ros_mpg321_player.cpp.o] Interrupt
[6.500s] gmake[1]: *** [CMakeFiles/Makefile2:137: CMakeFiles/ros_mpg321_player.dir/all] Interrupt
[6.500s] gmake: *** [Makefile:146: all] Interrupt
