[0.064s] Invoking command in '/home/brone-ub/robotis_ws/src/build/dynamixel_sdk': CMAKE_PREFIX_PATH=${CMAKE_PREFIX_PATH}:/home/brone-ub/robotis_ws/install/algo_gaze:/home/brone-ub/robotis_ws/install/brone_gaze:/opt/ros/jazzy DEBUGINFOD_URLS=https://debuginfod.ubuntu.com PS1=(ros_venv) \[\e]0;\u@\h: \w\a\]${debian_chroot:+($debian_chroot)}\[\033[01;32m\]\u@\h\[\033[00m\]:\[\033[01;34m\]\w\[\033[00m\]\$ VIRTUAL_ENV_PROMPT=(ros_venv) /usr/bin/cmake /home/brone-ub/robotis_ws/src/DynamixelSDK/ros/dynamixel_sdk -DCMAKE_INSTALL_PREFIX=/home/brone-ub/robotis_ws/src/install/dynamixel_sdk
[0.256s] -- The C compiler identification is GNU 13.3.0
[0.424s] -- The CXX compiler identification is GNU 13.3.0
[0.453s] -- Detecting C compiler ABI info
[0.592s] -- Detecting C compiler ABI info - done
[0.615s] -- Check for working C compiler: /usr/bin/cc - skipped
[0.615s] -- Detecting C compile features
[0.615s] -- Detecting C compile features - done
[0.625s] -- Detecting CXX compiler ABI info
[0.790s] -- Detecting CXX compiler ABI info - done
[0.806s] -- Check for working CXX compiler: /usr/bin/c++ - skipped
[0.807s] -- Detecting CXX compile features
[0.807s] -- Detecting CXX compile features - done
[0.813s] -- Found ament_cmake: 2.5.4 (/opt/ros/jazzy/share/ament_cmake/cmake)
[0.989s] -- Found Python3: /home/brone-ub/ros_venv/bin/python3 (found version "3.12.3") found components: Interpreter 
[1.534s] -- Configuring done (1.4s)
[1.554s] -- Generating done (0.0s)
[1.560s] -- Build files have been written to: /home/brone-ub/robotis_ws/src/build/dynamixel_sdk
[1.573s] Invoked command in '/home/brone-ub/robotis_ws/src/build/dynamixel_sdk' returned '0': CMAKE_PREFIX_PATH=${CMAKE_PREFIX_PATH}:/home/brone-ub/robotis_ws/install/algo_gaze:/home/brone-ub/robotis_ws/install/brone_gaze:/opt/ros/jazzy DEBUGINFOD_URLS=https://debuginfod.ubuntu.com PS1=(ros_venv) \[\e]0;\u@\h: \w\a\]${debian_chroot:+($debian_chroot)}\[\033[01;32m\]\u@\h\[\033[00m\]:\[\033[01;34m\]\w\[\033[00m\]\$ VIRTUAL_ENV_PROMPT=(ros_venv) /usr/bin/cmake /home/brone-ub/robotis_ws/src/DynamixelSDK/ros/dynamixel_sdk -DCMAKE_INSTALL_PREFIX=/home/brone-ub/robotis_ws/src/install/dynamixel_sdk
[1.575s] Invoking command in '/home/brone-ub/robotis_ws/src/build/dynamixel_sdk': CMAKE_PREFIX_PATH=${CMAKE_PREFIX_PATH}:/home/brone-ub/robotis_ws/install/algo_gaze:/home/brone-ub/robotis_ws/install/brone_gaze:/opt/ros/jazzy DEBUGINFOD_URLS=https://debuginfod.ubuntu.com PS1=(ros_venv) \[\e]0;\u@\h: \w\a\]${debian_chroot:+($debian_chroot)}\[\033[01;32m\]\u@\h\[\033[00m\]:\[\033[01;34m\]\w\[\033[00m\]\$ VIRTUAL_ENV_PROMPT=(ros_venv) /usr/bin/cmake --build /home/brone-ub/robotis_ws/src/build/dynamixel_sdk -- -j16 -l16
[3.702s] [  7%] [32mBuilding CXX object CMakeFiles/dynamixel_sdk.dir/src/dynamixel_sdk/packet_handler.cpp.o[0m
[3.702s] [ 15%] [32mBuilding CXX object CMakeFiles/dynamixel_sdk.dir/src/dynamixel_sdk/protocol2_packet_handler.cpp.o[0m
[3.702s] [ 23%] [32mBuilding CXX object CMakeFiles/dynamixel_sdk.dir/src/dynamixel_sdk/group_sync_read.cpp.o[0m
[3.702s] [ 38%] [32mBuilding CXX object CMakeFiles/dynamixel_sdk.dir/src/dynamixel_sdk/group_bulk_read.cpp.o[0m
[3.702s] [ 38%] [32mBuilding CXX object CMakeFiles/dynamixel_sdk.dir/src/dynamixel_sdk/protocol1_packet_handler.cpp.o[0m
[3.703s] [ 46%] [32mBuilding CXX object CMakeFiles/dynamixel_sdk.dir/src/dynamixel_sdk/group_sync_write.cpp.o[0m
[3.703s] [ 53%] [32mBuilding CXX object CMakeFiles/dynamixel_sdk.dir/src/dynamixel_sdk/group_bulk_write.cpp.o[0m
[3.703s] [ 61%] [32mBuilding CXX object CMakeFiles/dynamixel_sdk.dir/src/dynamixel_sdk/group_fast_bulk_read.cpp.o[0m
[3.703s] [ 69%] [32mBuilding CXX object CMakeFiles/dynamixel_sdk.dir/src/dynamixel_sdk/group_fast_sync_read.cpp.o[0m
[3.703s] [ 76%] [32mBuilding CXX object CMakeFiles/dynamixel_sdk.dir/src/dynamixel_sdk/port_handler_linux.cpp.o[0m
[3.703s] [ 84%] [32mBuilding CXX object CMakeFiles/dynamixel_sdk.dir/src/dynamixel_sdk/group_handler.cpp.o[0m
[3.703s] [ 92%] [32mBuilding CXX object CMakeFiles/dynamixel_sdk.dir/src/dynamixel_sdk/port_handler.cpp.o[0m
[3.703s] [ 92%] Built target ament_cmake_python_copy_dynamixel_sdk
[3.703s] running egg_info
[3.703s] creating dynamixel_sdk.egg-info
[3.704s] writing dynamixel_sdk.egg-info/PKG-INFO
[3.704s] writing dependency_links to dynamixel_sdk.egg-info/dependency_links.txt
[3.704s] writing top-level names to dynamixel_sdk.egg-info/top_level.txt
[3.704s] writing manifest file 'dynamixel_sdk.egg-info/SOURCES.txt'
[3.704s] reading manifest file 'dynamixel_sdk.egg-info/SOURCES.txt'
[3.704s] writing manifest file 'dynamixel_sdk.egg-info/SOURCES.txt'
[3.704s] [ 92%] Built target ament_cmake_python_build_dynamixel_sdk_egg
[3.704s] [100%] [32m[1mLinking CXX shared library libdynamixel_sdk.so[0m
[3.704s] [100%] Built target dynamixel_sdk
[3.723s] Invoked command in '/home/brone-ub/robotis_ws/src/build/dynamixel_sdk' returned '0': CMAKE_PREFIX_PATH=${CMAKE_PREFIX_PATH}:/home/brone-ub/robotis_ws/install/algo_gaze:/home/brone-ub/robotis_ws/install/brone_gaze:/opt/ros/jazzy DEBUGINFOD_URLS=https://debuginfod.ubuntu.com PS1=(ros_venv) \[\e]0;\u@\h: \w\a\]${debian_chroot:+($debian_chroot)}\[\033[01;32m\]\u@\h\[\033[00m\]:\[\033[01;34m\]\w\[\033[00m\]\$ VIRTUAL_ENV_PROMPT=(ros_venv) /usr/bin/cmake --build /home/brone-ub/robotis_ws/src/build/dynamixel_sdk -- -j16 -l16
[3.764s] Invoking command in '/home/brone-ub/robotis_ws/src/build/dynamixel_sdk': CMAKE_PREFIX_PATH=${CMAKE_PREFIX_PATH}:/home/brone-ub/robotis_ws/install/algo_gaze:/home/brone-ub/robotis_ws/install/brone_gaze:/opt/ros/jazzy DEBUGINFOD_URLS=https://debuginfod.ubuntu.com PS1=(ros_venv) \[\e]0;\u@\h: \w\a\]${debian_chroot:+($debian_chroot)}\[\033[01;32m\]\u@\h\[\033[00m\]:\[\033[01;34m\]\w\[\033[00m\]\$ VIRTUAL_ENV_PROMPT=(ros_venv) /usr/bin/cmake --install /home/brone-ub/robotis_ws/src/build/dynamixel_sdk
[6.558s] -- Install configuration: ""
[6.559s] -- Installing: /home/brone-ub/robotis_ws/src/install/dynamixel_sdk/include/
[6.559s] -- Installing: /home/brone-ub/robotis_ws/src/install/dynamixel_sdk/include//dynamixel_sdk
[6.559s] -- Installing: /home/brone-ub/robotis_ws/src/install/dynamixel_sdk/include//dynamixel_sdk/group_fast_bulk_read.h
[6.559s] -- Installing: /home/brone-ub/robotis_ws/src/install/dynamixel_sdk/include//dynamixel_sdk/group_sync_read.h
[6.559s] -- Installing: /home/brone-ub/robotis_ws/src/install/dynamixel_sdk/include//dynamixel_sdk/packet_handler.h
[6.559s] -- Installing: /home/brone-ub/robotis_ws/src/install/dynamixel_sdk/include//dynamixel_sdk/group_sync_write.h
[6.559s] -- Installing: /home/brone-ub/robotis_ws/src/install/dynamixel_sdk/include//dynamixel_sdk/dynamixel_sdk.h
[6.559s] -- Installing: /home/brone-ub/robotis_ws/src/install/dynamixel_sdk/include//dynamixel_sdk/port_handler_mac.h
[6.559s] -- Installing: /home/brone-ub/robotis_ws/src/install/dynamixel_sdk/include//dynamixel_sdk/group_bulk_read.h
[6.559s] -- Installing: /home/brone-ub/robotis_ws/src/install/dynamixel_sdk/include//dynamixel_sdk/protocol2_packet_handler.h
[6.559s] -- Installing: /home/brone-ub/robotis_ws/src/install/dynamixel_sdk/include//dynamixel_sdk/group_fast_sync_read.h
[6.560s] -- Installing: /home/brone-ub/robotis_ws/src/install/dynamixel_sdk/include//dynamixel_sdk/port_handler_windows.h
[6.560s] -- Installing: /home/brone-ub/robotis_ws/src/install/dynamixel_sdk/include//dynamixel_sdk/protocol1_packet_handler.h
[6.571s] -- Installing: /home/brone-ub/robotis_ws/src/install/dynamixel_sdk/include//dynamixel_sdk/port_handler.h
[6.572s] -- Installing: /home/brone-ub/robotis_ws/src/install/dynamixel_sdk/include//dynamixel_sdk/port_handler_arduino.h
[6.572s] -- Installing: /home/brone-ub/robotis_ws/src/install/dynamixel_sdk/include//dynamixel_sdk/group_handler.h
[6.572s] -- Installing: /home/brone-ub/robotis_ws/src/install/dynamixel_sdk/include//dynamixel_sdk/port_handler_linux.h
[6.572s] -- Installing: /home/brone-ub/robotis_ws/src/install/dynamixel_sdk/include//dynamixel_sdk/group_bulk_write.h
[6.572s] -- Installing: /home/brone-ub/robotis_ws/src/install/dynamixel_sdk/lib/libdynamixel_sdk.so
[6.572s] -- Installing: /home/brone-ub/robotis_ws/src/install/dynamixel_sdk/share/dynamixel_sdk/environment/pythonpath.sh
[6.573s] -- Installing: /home/brone-ub/robotis_ws/src/install/dynamixel_sdk/share/dynamixel_sdk/environment/pythonpath.dsv
[6.573s] -- Installing: /home/brone-ub/robotis_ws/src/install/dynamixel_sdk/lib/python3.12/site-packages/dynamixel_sdk-3.8.4-py3.12.egg-info
[6.573s] -- Installing: /home/brone-ub/robotis_ws/src/install/dynamixel_sdk/lib/python3.12/site-packages/dynamixel_sdk-3.8.4-py3.12.egg-info/dependency_links.txt
[6.573s] -- Installing: /home/brone-ub/robotis_ws/src/install/dynamixel_sdk/lib/python3.12/site-packages/dynamixel_sdk-3.8.4-py3.12.egg-info/top_level.txt
[6.573s] -- Installing: /home/brone-ub/robotis_ws/src/install/dynamixel_sdk/lib/python3.12/site-packages/dynamixel_sdk-3.8.4-py3.12.egg-info/PKG-INFO
[6.574s] -- Installing: /home/brone-ub/robotis_ws/src/install/dynamixel_sdk/lib/python3.12/site-packages/dynamixel_sdk-3.8.4-py3.12.egg-info/SOURCES.txt
[6.574s] -- Installing: /home/brone-ub/robotis_ws/src/install/dynamixel_sdk/lib/python3.12/site-packages/dynamixel_sdk
[6.574s] -- Installing: /home/brone-ub/robotis_ws/src/install/dynamixel_sdk/lib/python3.12/site-packages/dynamixel_sdk/group_fast_sync_read.cpp
[6.574s] -- Installing: /home/brone-ub/robotis_ws/src/install/dynamixel_sdk/lib/python3.12/site-packages/dynamixel_sdk/group_handler.cpp
[6.574s] -- Installing: /home/brone-ub/robotis_ws/src/install/dynamixel_sdk/lib/python3.12/site-packages/dynamixel_sdk/__init__.py
[6.574s] -- Installing: /home/brone-ub/robotis_ws/src/install/dynamixel_sdk/lib/python3.12/site-packages/dynamixel_sdk/port_handler_mac.cpp
[6.575s] -- Installing: /home/brone-ub/robotis_ws/src/install/dynamixel_sdk/lib/python3.12/site-packages/dynamixel_sdk/group_bulk_write.cpp
[6.575s] -- Installing: /home/brone-ub/robotis_ws/src/install/dynamixel_sdk/lib/python3.12/site-packages/dynamixel_sdk/protocol2_packet_handler.py
[6.575s] -- Installing: /home/brone-ub/robotis_ws/src/install/dynamixel_sdk/lib/python3.12/site-packages/dynamixel_sdk/protocol1_packet_handler.py
[6.575s] -- Installing: /home/brone-ub/robotis_ws/src/install/dynamixel_sdk/lib/python3.12/site-packages/dynamixel_sdk/group_bulk_read.cpp
[6.575s] -- Installing: /home/brone-ub/robotis_ws/src/install/dynamixel_sdk/lib/python3.12/site-packages/dynamixel_sdk/group_fast_bulk_read.cpp
[6.575s] -- Installing: /home/brone-ub/robotis_ws/src/install/dynamixel_sdk/lib/python3.12/site-packages/dynamixel_sdk/group_sync_write.cpp
[6.575s] -- Installing: /home/brone-ub/robotis_ws/src/install/dynamixel_sdk/lib/python3.12/site-packages/dynamixel_sdk/protocol1_packet_handler.cpp
[6.575s] -- Installing: /home/brone-ub/robotis_ws/src/install/dynamixel_sdk/lib/python3.12/site-packages/dynamixel_sdk/port_handler.cpp
[6.575s] -- Installing: /home/brone-ub/robotis_ws/src/install/dynamixel_sdk/lib/python3.12/site-packages/dynamixel_sdk/port_handler_windows.cpp
[6.575s] -- Installing: /home/brone-ub/robotis_ws/src/install/dynamixel_sdk/lib/python3.12/site-packages/dynamixel_sdk/group_bulk_write.py
[6.575s] -- Installing: /home/brone-ub/robotis_ws/src/install/dynamixel_sdk/lib/python3.12/site-packages/dynamixel_sdk/group_sync_read.py
[6.575s] -- Installing: /home/brone-ub/robotis_ws/src/install/dynamixel_sdk/lib/python3.12/site-packages/dynamixel_sdk/packet_handler.cpp
[6.575s] -- Installing: /home/brone-ub/robotis_ws/src/install/dynamixel_sdk/lib/python3.12/site-packages/dynamixel_sdk/group_sync_write.py
[6.575s] -- Installing: /home/brone-ub/robotis_ws/src/install/dynamixel_sdk/lib/python3.12/site-packages/dynamixel_sdk/port_handler.py
[6.575s] -- Installing: /home/brone-ub/robotis_ws/src/install/dynamixel_sdk/lib/python3.12/site-packages/dynamixel_sdk/packet_handler.py
[6.575s] -- Installing: /home/brone-ub/robotis_ws/src/install/dynamixel_sdk/lib/python3.12/site-packages/dynamixel_sdk/group_sync_read.cpp
[6.575s] -- Installing: /home/brone-ub/robotis_ws/src/install/dynamixel_sdk/lib/python3.12/site-packages/dynamixel_sdk/port_handler_linux.cpp
[6.575s] -- Installing: /home/brone-ub/robotis_ws/src/install/dynamixel_sdk/lib/python3.12/site-packages/dynamixel_sdk/protocol2_packet_handler.cpp
[6.575s] -- Installing: /home/brone-ub/robotis_ws/src/install/dynamixel_sdk/lib/python3.12/site-packages/dynamixel_sdk/port_handler_arduino.cpp
[6.575s] -- Installing: /home/brone-ub/robotis_ws/src/install/dynamixel_sdk/lib/python3.12/site-packages/dynamixel_sdk/robotis_def.py
[6.575s] -- Installing: /home/brone-ub/robotis_ws/src/install/dynamixel_sdk/lib/python3.12/site-packages/dynamixel_sdk/group_bulk_read.py
[6.575s] Listing '/home/brone-ub/robotis_ws/src/install/dynamixel_sdk/lib/python3.12/site-packages/dynamixel_sdk'...
[6.575s] Compiling '/home/brone-ub/robotis_ws/src/install/dynamixel_sdk/lib/python3.12/site-packages/dynamixel_sdk/__init__.py'...
[6.575s] Compiling '/home/brone-ub/robotis_ws/src/install/dynamixel_sdk/lib/python3.12/site-packages/dynamixel_sdk/group_bulk_read.py'...
[6.576s] Compiling '/home/brone-ub/robotis_ws/src/install/dynamixel_sdk/lib/python3.12/site-packages/dynamixel_sdk/group_bulk_write.py'...
[6.576s] Compiling '/home/brone-ub/robotis_ws/src/install/dynamixel_sdk/lib/python3.12/site-packages/dynamixel_sdk/group_sync_read.py'...
[6.576s] Compiling '/home/brone-ub/robotis_ws/src/install/dynamixel_sdk/lib/python3.12/site-packages/dynamixel_sdk/group_sync_write.py'...
[6.576s] Compiling '/home/brone-ub/robotis_ws/src/install/dynamixel_sdk/lib/python3.12/site-packages/dynamixel_sdk/packet_handler.py'...
[6.576s] Compiling '/home/brone-ub/robotis_ws/src/install/dynamixel_sdk/lib/python3.12/site-packages/dynamixel_sdk/port_handler.py'...
[6.576s] Compiling '/home/brone-ub/robotis_ws/src/install/dynamixel_sdk/lib/python3.12/site-packages/dynamixel_sdk/protocol1_packet_handler.py'...
[6.576s] Compiling '/home/brone-ub/robotis_ws/src/install/dynamixel_sdk/lib/python3.12/site-packages/dynamixel_sdk/protocol2_packet_handler.py'...
[6.576s] Compiling '/home/brone-ub/robotis_ws/src/install/dynamixel_sdk/lib/python3.12/site-packages/dynamixel_sdk/robotis_def.py'...
[6.576s] -- Installing: /home/brone-ub/robotis_ws/src/install/dynamixel_sdk/share/dynamixel_sdk/environment/library_path.sh
[6.576s] -- Installing: /home/brone-ub/robotis_ws/src/install/dynamixel_sdk/share/dynamixel_sdk/environment/library_path.dsv
[6.576s] -- Installing: /home/brone-ub/robotis_ws/src/install/dynamixel_sdk/share/ament_index/resource_index/package_run_dependencies/dynamixel_sdk
[6.576s] -- Installing: /home/brone-ub/robotis_ws/src/install/dynamixel_sdk/share/ament_index/resource_index/parent_prefix_path/dynamixel_sdk
[6.576s] -- Installing: /home/brone-ub/robotis_ws/src/install/dynamixel_sdk/share/dynamixel_sdk/environment/ament_prefix_path.sh
[6.576s] -- Installing: /home/brone-ub/robotis_ws/src/install/dynamixel_sdk/share/dynamixel_sdk/environment/ament_prefix_path.dsv
[6.576s] -- Installing: /home/brone-ub/robotis_ws/src/install/dynamixel_sdk/share/dynamixel_sdk/environment/path.sh
[6.576s] -- Installing: /home/brone-ub/robotis_ws/src/install/dynamixel_sdk/share/dynamixel_sdk/environment/path.dsv
[6.576s] -- Installing: /home/brone-ub/robotis_ws/src/install/dynamixel_sdk/share/dynamixel_sdk/local_setup.bash
[6.576s] -- Installing: /home/brone-ub/robotis_ws/src/install/dynamixel_sdk/share/dynamixel_sdk/local_setup.sh
[6.576s] -- Installing: /home/brone-ub/robotis_ws/src/install/dynamixel_sdk/share/dynamixel_sdk/local_setup.zsh
[6.576s] -- Installing: /home/brone-ub/robotis_ws/src/install/dynamixel_sdk/share/dynamixel_sdk/local_setup.dsv
[6.576s] -- Installing: /home/brone-ub/robotis_ws/src/install/dynamixel_sdk/share/dynamixel_sdk/package.dsv
[6.577s] -- Installing: /home/brone-ub/robotis_ws/src/install/dynamixel_sdk/share/ament_index/resource_index/packages/dynamixel_sdk
[6.577s] -- Installing: /home/brone-ub/robotis_ws/src/install/dynamixel_sdk/share/dynamixel_sdk/cmake/dynamixel_sdkExport.cmake
[6.577s] -- Installing: /home/brone-ub/robotis_ws/src/install/dynamixel_sdk/share/dynamixel_sdk/cmake/dynamixel_sdkExport-noconfig.cmake
[6.577s] -- Installing: /home/brone-ub/robotis_ws/src/install/dynamixel_sdk/share/dynamixel_sdk/cmake/ament_cmake_export_targets-extras.cmake
[6.577s] -- Installing: /home/brone-ub/robotis_ws/src/install/dynamixel_sdk/share/dynamixel_sdk/cmake/ament_cmake_export_include_directories-extras.cmake
[6.577s] -- Installing: /home/brone-ub/robotis_ws/src/install/dynamixel_sdk/share/dynamixel_sdk/cmake/ament_cmake_export_libraries-extras.cmake
[6.577s] -- Installing: /home/brone-ub/robotis_ws/src/install/dynamixel_sdk/share/dynamixel_sdk/cmake/dynamixel_sdkConfig.cmake
[6.577s] -- Installing: /home/brone-ub/robotis_ws/src/install/dynamixel_sdk/share/dynamixel_sdk/cmake/dynamixel_sdkConfig-version.cmake
[6.577s] -- Installing: /home/brone-ub/robotis_ws/src/install/dynamixel_sdk/share/dynamixel_sdk/package.xml
