[0.034s] Invoking command in '/home/brone-ub/robotis_ws/src/build/dynamixel_sdk_custom_interfaces': CMAKE_PREFIX_PATH=${CMAKE_PREFIX_PATH}:/home/brone-ub/robotis_ws/install/algo_gaze:/home/brone-ub/robotis_ws/install/brone_gaze:/opt/ros/jazzy DEBUGINFOD_URLS=https://debuginfod.ubuntu.com PS1=(ros_venv) \[\e]0;\u@\h: \w\a\]${debian_chroot:+($debian_chroot)}\[\033[01;32m\]\u@\h\[\033[00m\]:\[\033[01;34m\]\w\[\033[00m\]\$ VIRTUAL_ENV_PROMPT=(ros_venv) /usr/bin/cmake /home/brone-ub/robotis_ws/src/DynamixelSDK/ros/dynamixel_sdk_custom_interfaces -DCMAKE_INSTALL_PREFIX=/home/brone-ub/robotis_ws/src/install/dynamixel_sdk_custom_interfaces
[2.195s] -- The C compiler identification is GNU 13.3.0
[2.195s] -- The CXX compiler identification is GNU 13.3.0
[2.195s] -- Detecting C compiler ABI info
[2.195s] -- Detecting C compiler ABI info - done
[2.196s] -- Check for working C compiler: /usr/bin/cc - skipped
[2.196s] -- Detecting C compile features
[2.196s] -- Detecting C compile features - done
[2.196s] -- Detecting CXX compiler ABI info
[2.196s] -- Detecting CXX compiler ABI info - done
[2.196s] -- Check for working CXX compiler: /usr/bin/c++ - skipped
[2.196s] -- Detecting CXX compile features
[2.196s] -- Detecting CXX compile features - done
[2.196s] -- Found ament_cmake: 2.5.4 (/opt/ros/jazzy/share/ament_cmake/cmake)
[2.196s] -- Found Python3: /home/brone-ub/ros_venv/bin/python3 (found version "3.12.3") found components: Interpreter 
[2.196s] -- Found builtin_interfaces: 2.0.3 (/opt/ros/jazzy/share/builtin_interfaces/cmake)
[2.196s] -- Found rosidl_generator_c: 4.6.6 (/opt/ros/jazzy/share/rosidl_generator_c/cmake)
[2.197s] -- Found rosidl_generator_cpp: 4.6.6 (/opt/ros/jazzy/share/rosidl_generator_cpp/cmake)
[2.197s] -- Using all available rosidl_typesupport_c: rosidl_typesupport_fastrtps_c;rosidl_typesupport_introspection_c
[2.197s] -- Using all available rosidl_typesupport_cpp: rosidl_typesupport_fastrtps_cpp;rosidl_typesupport_introspection_cpp
[2.197s] -- Found rosidl_default_generators: 1.6.0 (/opt/ros/jazzy/share/rosidl_default_generators/cmake)
[2.197s] -- Found rosidl_adapter: 4.6.6 (/opt/ros/jazzy/share/rosidl_adapter/cmake)
[2.479s] -- Found ament_cmake_ros: 0.12.0 (/opt/ros/jazzy/share/ament_cmake_ros/cmake)
[3.928s] -- Using all available rosidl_typesupport_c: rosidl_typesupport_fastrtps_c;rosidl_typesupport_introspection_c
[4.697s] -- Using all available rosidl_typesupport_cpp: rosidl_typesupport_fastrtps_cpp;rosidl_typesupport_introspection_cpp
[4.735s] -- Found python_cmake_module: 0.11.1 (/opt/ros/jazzy/share/python_cmake_module/cmake)
[5.192s] -- Found PythonExtra: /home/brone-ub/ros_venv/bin/python3  
