[0.040s] Invoking command in '/home/brone-ub/robotis_ws/src/build/usb_cam': CMAKE_PREFIX_PATH=${CMAKE_PREFIX_PATH}:/home/brone-ub/robotis_ws/install/algo_gaze:/home/brone-ub/robotis_ws/install/brone_gaze:/opt/ros/jazzy DEBUGINFOD_URLS=https://debuginfod.ubuntu.com PS1=(ros_venv) \[\e]0;\u@\h: \w\a\]${debian_chroot:+($debian_chroot)}\[\033[01;32m\]\u@\h\[\033[00m\]:\[\033[01;34m\]\w\[\033[00m\]\$ VIRTUAL_ENV_PROMPT=(ros_venv) /usr/bin/cmake /home/brone-ub/robotis_ws/src/ROBOTIS-OP3-ETC/usb_cam -DCMAKE_INSTALL_PREFIX=/home/brone-ub/robotis_ws/src/install/usb_cam
[0.228s] -- The C compiler identification is GNU 13.3.0
[0.398s] -- The CXX compiler identification is GNU 13.3.0
[0.417s] -- Detecting C compiler ABI info
[0.578s] -- Detecting C compiler ABI info - done
[0.595s] -- Check for working C compiler: /usr/bin/cc - skipped
[0.596s] -- Detecting C compile features
[0.597s] -- Detecting C compile features - done
[0.612s] -- Detecting CXX compiler ABI info
[0.769s] -- Detecting CXX compiler ABI info - done
[0.781s] -- Check for working CXX compiler: /usr/bin/c++ - skipped
[0.781s] -- Detecting CXX compile features
[0.782s] -- Detecting CXX compile features - done
[0.788s] -- Found ament_cmake_auto: 2.5.4 (/opt/ros/jazzy/share/ament_cmake_auto/cmake)
[0.984s] -- Found Python3: /home/brone-ub/ros_venv/bin/python3 (found version "3.12.3") found components: Interpreter 
[1.379s] -- Found rosidl_generator_c: 4.6.6 (/opt/ros/jazzy/share/rosidl_generator_c/cmake)
[1.403s] -- Found rosidl_generator_cpp: 4.6.6 (/opt/ros/jazzy/share/rosidl_generator_cpp/cmake)
[1.422s] -- Using all available rosidl_typesupport_c: rosidl_typesupport_fastrtps_c;rosidl_typesupport_introspection_c
[1.442s] -- Using all available rosidl_typesupport_cpp: rosidl_typesupport_fastrtps_cpp;rosidl_typesupport_introspection_cpp
[1.536s] -- Found rmw_implementation_cmake: 7.3.2 (/opt/ros/jazzy/share/rmw_implementation_cmake/cmake)
[1.547s] -- Found rmw_cyclonedds_cpp: 2.2.3 (/opt/ros/jazzy/share/rmw_cyclonedds_cpp/cmake)
[1.633s] -- Using RMW implementation 'rmw_cyclonedds_cpp' as default
[2.183s] -- Setting yaml-cpp_DIR to: '/opt/ros/jazzy/share/yaml_cpp_vendor/cmake/../../../opt/yaml_cpp_vendor/share/cmake/yaml-cpp'
[2.411s] -- Found TinyXML2 via Config file: /usr/lib/x86_64-linux-gnu/cmake/tinyxml2
[2.529s] -- Found rosidl_adapter: 4.6.6 (/opt/ros/jazzy/share/rosidl_adapter/cmake)
[2.546s] -- Found OpenCV: /usr (found version "4.6.0") 
[2.566s] -- Found PkgConfig: /usr/bin/pkg-config (found version "1.8.1") 
[2.566s] -- Checking for module 'libavcodec'
[2.619s] --   Found libavcodec, version 60.31.102
[2.687s] -- Checking for module 'libavutil'
[2.736s] --   Found libavutil, version 58.29.100
[2.847s] -- Checking for module 'libswscale'
[2.900s] --   Found libswscale, version 7.5.100
[3.004s] -- Found ament_lint_auto: 0.17.3 (/opt/ros/jazzy/share/ament_lint_auto/cmake)
[3.179s] -- Found gtest sources under '/opt/ros/jazzy/src/gtest_vendor': C++ tests using 'Google Test' will be built
[3.202s] -- Performing Test CMAKE_HAVE_LIBC_PTHREAD
[3.404s] -- Performing Test CMAKE_HAVE_LIBC_PTHREAD - Success
[3.409s] -- Found Threads: TRUE  
[3.424s] [0mIn this package, headers install destination is set to `include` by ament_auto_package. It is recommended to install `include/usb_cam` instead and will be the default behavior of ament_auto_package from ROS 2 Kilted Kaiju. On distributions before Kilted, ament_auto_package behaves the same way when you use USE_SCOPED_HEADER_INSTALL_DIR option.[0m
[3.433s] -- Added test 'copyright' to check source files copyright and LICENSE
[3.441s] -- Added test 'cppcheck' to perform static code analysis on C / C++ code
[3.441s] -- Configured cppcheck include dirs: /home/brone-ub/robotis_ws/src/ROBOTIS-OP3-ETC/usb_cam/include
[3.441s] -- Configured cppcheck exclude dirs and/or files: 
[3.448s] -- Added test 'cpplint' to check C / C++ code against the Google style
[3.448s] -- Configured cpplint exclude dirs and/or files: 
[3.453s] -- Added test 'flake8' to check Python code syntax and style conventions
[3.453s] -- Configured 'flake8' exclude dirs and/or files: 
[3.461s] -- Added test 'lint_cmake' to check CMake code style
[3.467s] -- Added test 'pep257' to check Python code against some of the docstring style conventions in PEP 257
[3.478s] -- Added test 'uncrustify' to check C / C++ code style
[3.478s] -- Configured uncrustify additional arguments: 
[3.487s] -- Added test 'xmllint' to check XML markup files
[3.503s] -- Configuring done (3.4s)
[3.593s] -- Generating done (0.0s)
[3.610s] -- Build files have been written to: /home/brone-ub/robotis_ws/src/build/usb_cam
[3.681s] Invoked command in '/home/brone-ub/robotis_ws/src/build/usb_cam' returned '0': CMAKE_PREFIX_PATH=${CMAKE_PREFIX_PATH}:/home/brone-ub/robotis_ws/install/algo_gaze:/home/brone-ub/robotis_ws/install/brone_gaze:/opt/ros/jazzy DEBUGINFOD_URLS=https://debuginfod.ubuntu.com PS1=(ros_venv) \[\e]0;\u@\h: \w\a\]${debian_chroot:+($debian_chroot)}\[\033[01;32m\]\u@\h\[\033[00m\]:\[\033[01;34m\]\w\[\033[00m\]\$ VIRTUAL_ENV_PROMPT=(ros_venv) /usr/bin/cmake /home/brone-ub/robotis_ws/src/ROBOTIS-OP3-ETC/usb_cam -DCMAKE_INSTALL_PREFIX=/home/brone-ub/robotis_ws/src/install/usb_cam
[3.682s] Invoking command in '/home/brone-ub/robotis_ws/src/build/usb_cam': CMAKE_PREFIX_PATH=${CMAKE_PREFIX_PATH}:/home/brone-ub/robotis_ws/install/algo_gaze:/home/brone-ub/robotis_ws/install/brone_gaze:/opt/ros/jazzy DEBUGINFOD_URLS=https://debuginfod.ubuntu.com PS1=(ros_venv) \[\e]0;\u@\h: \w\a\]${debian_chroot:+($debian_chroot)}\[\033[01;32m\]\u@\h\[\033[00m\]:\[\033[01;34m\]\w\[\033[00m\]\$ VIRTUAL_ENV_PROMPT=(ros_venv) /usr/bin/cmake --build /home/brone-ub/robotis_ws/src/build/usb_cam -- -j16 -l16
[6.497s] [  7%] [32mBuilding CXX object CMakeFiles/usb_cam.dir/src/usb_cam.cpp.o[0m
[6.497s] [ 14%] [32mBuilding CXX object CMakeFiles/usb_cam_node_exe.dir/rclcpp_components/node_main_usb_cam_node_exe.cpp.o[0m
[6.497s] [ 21%] [32mBuilding CXX object gtest/CMakeFiles/gtest_main.dir/src/gtest_main.cc.o[0m
[6.497s] [ 28%] [32mBuilding CXX object gtest/CMakeFiles/gtest.dir/src/gtest-all.cc.o[0m
[6.501s] gmake[2]: *** [CMakeFiles/usb_cam_node_exe.dir/build.make:76: CMakeFiles/usb_cam_node_exe.dir/rclcpp_components/node_main_usb_cam_node_exe.cpp.o] Interrupt
[6.502s] gmake[1]: *** [CMakeFiles/Makefile2:215: CMakeFiles/usb_cam_node_exe.dir/all] Interrupt
[6.502s] gmake[2]: *** wait: No child processes.  Stop.
[6.502s] gmake[2]: *** Waiting for unfinished jobs....
[6.502s] gmake[2]: *** wait: No child processes.  Stop.
[6.502s] gmake[1]: *** [CMakeFiles/Makefile2:163: CMakeFiles/usb_cam.dir/all] Error 2
[6.502s] gmake[2]: *** [gtest/CMakeFiles/gtest_main.dir/build.make:76: gtest/CMakeFiles/gtest_main.dir/src/gtest_main.cc.o] Interrupt
[6.502s] gmake[1]: *** [CMakeFiles/Makefile2:323: gtest/CMakeFiles/gtest_main.dir/all] Interrupt
[6.502s] gmake[2]: *** [gtest/CMakeFiles/gtest.dir/build.make:76: gtest/CMakeFiles/gtest.dir/src/gtest-all.cc.o] Interrupt
[6.502s] gmake[1]: *** [CMakeFiles/Makefile2:297: gtest/CMakeFiles/gtest.dir/all] Interrupt
[6.502s] gmake: *** [Makefile:146: all] Interrupt
